// Vitest Snapshot v1, https://vitest.dev/guide/snapshot.html

exports[`does not output comment text to console 1`] = `""`;

exports[`long logs emit collapsible blocks and summary includes deep links 1`] = `
"::group::Full stdout for b:make-error
Starting build...
Compiling module B...
::endgroup::
::warning::No pull request or issue found, will not add a comment."
`;

exports[`no failures produces info message 1`] = `"No failing tasks found."`;

exports[`no report warns gracefully 1`] = `"::warning::Run report does not exist, has \`moon ci\` or \`moon run\` ran?"`;
