// Vitest Snapshot v1, https://vitest.dev/guide/snapshot.html

exports[`no failures produces info message 1`] = `"No failing tasks found."`;

exports[`no report warns gracefully 1`] = `"::warning::Run report does not exist, has \`moon ci\` or \`moon run\` ran?"`;

exports[`reports failures with logs 1`] = `
"<!-- moon-ci-booster-1 -->

## :x: Moon CI Failure Summary

**3 tasks failed**

### \`c:make-error\`

**Error:** Task c:make-error failed to run.

<details><summary><strong>stderr</strong></summary>

\`\`\`
This is an error message
\`\`\`

</details>

---

### \`b:make-error\`

**Error:** Task b:make-error failed to run.

<details><summary><strong>stderr</strong></summary>

\`\`\`
Error: something went wrong in project b
\`\`\`

</details>

<details><summary><strong>stdout</strong></summary>

\`\`\`
Starting build...
Compiling module B...
\`\`\`

</details>

---

### \`a:make-error\`

**Error:** Task a:make-error failed to run.

<details><summary><strong>stderr</strong></summary>

\`\`\`
This is an error message
\`\`\`

</details>

---
"
`;
